"blank"					"=========================="
"blank"					"#KEY_BINDINGS_HEADER_ACTIONS"
"blank"					"=========================="
"+attack"				"#FIRE"
"+zoom"					"#AIM_MODIFIER"
"+toggle_zoom"			"#TOGGLE_AIM_MODIFIER"
"+melee"				"#MELEE"
"+offhand1"				"#ORDNANCE_GRENADE"
"+offhand2"				"#SPECIAL_ABILITY"
"+use"					"#USE_DISEMBARK"
"+reload"				"#RELOAD"
"+scriptCommand1"		"#DISABLE_EJECT_SAFETY_TITAN"
"+ability 1"			"#SWITCH_TITAN_AI_MODE_PILOT"
"+displayFullscreenMap"	"#DISPLAY_FULLSCREEN_MINIMAP"
"+toggleFullscreenMap"	"Toggle Fullscreen Minimap"
"blank"					"=========================="
"blank"					"#KEY_BINDINGS_HEADER_WEAPONS"
"blank"					"=========================="
"+weaponCycle"			"#SWITCH_WEAPONS_PILOT"
"weaponSelectPrimary0"	"#EQUIP_PRIMARY_WEAPON"
"weaponSelectPrimary1"	"#EQUIP_SIDEARM_WEAPON"
"weaponSelectOrdnance"	"#EQUIP_ANTITITAN_WEAPON_PILOT"
"+weaponPickup"			"#PICKUP_WEAPON"
"blank"					"=========================="
"blank"					"#KEY_BINDINGS_HEADER_MOVEMENT"
"blank"					"=========================="
"+forward"				"#MOVE_FORWARD"
"+back"					"#MOVE_BACK"
"+moveleft"				"#MOVE_LEFT"
"+moveright"			"#MOVE_RIGHT"
"+speed"				"#SPRINT"
"+ability 3"			"#JUMP_PILOT_DASH_TITAN"
"+duck"					"#CROUCH"
"+toggle_duck"			"#TOGGLE_CROUCH"
"blank"					"=========================="
"blank"					"#KEY_BINDINGS_HEADER_MISCELLANEOUS_MOVEMENT"
"blank"					"=========================="
"+left"					"#TURN_LEFT"
"+right"				"#TURN_RIGHT"
"blank"					"=========================="
"blank"					"#KEY_BINDINGS_HEADER_COMMUNICATION"
"blank"					"=========================="
"+pushtotalk"			"#PUSH_TO_TALK_KEY"
"say"					"#CHAT_MESSAGE"
"say_team"				"#TEAM_CHAT_MESSAGE"
"blank"					"=========================="
"blank"					"#KEY_BINDINGS_HEADER_SCOREBOARD"
"blank"					"=========================="
"+showscores"			"#TOGGLE_SCOREBOARD"
"scoreboard_up"			"#SCOREBOARD_SCROLL_UP"
"scoreboard_down"		"#SCOREBOARD_SCROLL_DOWN"
"scoreboard_profile"	"#SCOREBOARD_VIEW_PROFILE"
"scoreboard_mute"		"#SCOREBOARD_MUTE"
"blank"					"=========================="
"blank"					"#KEY_BINDINGS_HEADER_MISCELLANEOUS"
"blank"					"=========================="
"jpeg"					"#SCREENSHOT"
"toggleconsole"			"#CONSOLE_TITLE"
